cj@cj-GR2060RGF-T:~/github$ mkdir demo_test1
cj@cj-GR2060RGF-T:~/github$ cd demo1
bash: cd: demo1: No such file or directory
cj@cj-GR2060RGF-T:~/github$ cd demo_test1
cj@cj-GR2060RGF-T:~/github/demo_test1$ echo "# demo_test1" >> README.md
cj@cj-GR2060RGF-T:~/github/demo_test1$ git init
Initialized empty Git repository in /home/cj/github/demo_test1/.git/
cj@cj-GR2060RGF-T:~/github/demo_test1$ git add README.md
cj@cj-GR2060RGF-T:~/github/demo_test1$ git status
On branch master

No commits yet

Changes to be committed:
  (use "git rm --cached <file>..." to unstage)
	new file:   README.md

cj@cj-GR2060RGF-T:~/github/demo_test1$ git commit -m "first commit"
[master (root-commit) b60ff5d] first commit
 1 file changed, 1 insertion(+)
 create mode 100644 README.md
cj@cj-GR2060RGF-T:~/github/demo_test1$ git remote add origin git@github.com:james-chenery/demo_test1.git
cj@cj-GR2060RGF-T:~/github/demo_test1$ git push -u origin master
Enumerating objects: 3, done.
Counting objects: 100% (3/3), done.
Writing objects: 100% (3/3), 229 bytes | 229.00 KiB/s, done.
Total 3 (delta 0), reused 0 (delta 0)
To github.com:james-chenery/demo_test1.git
 * [new branch]      master -> master
Branch 'master' set up to track remote branch 'master' from 'origin'.

